0.0900306  0.244728  0.665241
0.0900306  0.244728  0.665241
