2 0 5 4 6 5 7 6 7 5 2 4 8 6 5 3 0 5 2 1 0 1 1 8 4 1 2 0 4 5
0 0 0 0 1 1 1 1 2 2 2 2 3 4 4 4 4 5 5 5 5 5 5 6 6 6 7 7 8 8
(0, 4) (1, 4) (2, 4) (3, 1) (4, 4) (5, 6) (6, 3) (7, 2) (8, 2)
(5, 6)
