  (0.345008, 0.315321)   (0.169743, 0.172237) (0.863402, 0.00570013)  (0.0157859, 0.132951)   (0.112848, 0.279364)   (0.237599, 0.822852)   (0.903284, 0.273087)   (0.420003, 0.666101)  (0.621276, 0.0286855)   (0.386617, 0.697959)   (0.699755, 0.105163) (0.709069, 0.00553852)   (0.509581, 0.264464)    (0.146333, 0.92002)   (0.604184, 0.469363) (0.68175, 0.000718624)   (0.191633, 0.976391)   (0.306564, 0.635966)   (0.375816, 0.254834)
