8 1 5 2 3 3 5 5 3 7 6 2 5 6 8 8 3 3 9 8 1 0 4 9 8 1 5 6 1 4
4 2 3 3 4 4 5 5 4
5 4 5 6 6 5 5 5 5
4 3 3 5 5 5 5 3 4
