 1  7  8 25 32 62 69 75 82 93
93 82 75 69 62 32 25  8  7  1
32  8 82 62 25  1  7 75 93 69
0.300945  1.39511  2.26454  2.76895  3.15014  3.56109  3.79684  5.49491  7.12632   9.1902
(0.300945, 69)  (1.39511, 62)  (2.26454, 25)  (2.76895, 82)   (3.15014, 7)  (3.56109, 75)  (3.79684, 32)  (5.49491, 93)   (7.12632, 8)    (9.1902, 1)
